com.akiban.sql.parser.AlterTableNode@72039954
name: t
statementType: ALTER TABLE
objectName: t
compressTable: false
sequential: false
truncateTable: false
purge: false
defragment: false
truncateEndOfTable: false
updateStatistics: false
updateStatisticsAll: false
indexNameForUpdateStatistics: null
tableElementList: 	
	com.akiban.sql.parser.TableElementList@4a479446

	[0]:	
	com.akiban.sql.parser.ColumnDefinitionNode@2157a5c3
	type: INTEGER
	name: c1
	elementType: null
	[1]:	
	com.akiban.sql.parser.ColumnDefinitionNode@143b64f
	type: t2
	name: rename
	elementType: null