com.akiban.sql.parser.CreateTableNode@2705d88a
name: t1
statementType: CREATE TABLE
lockGranularity: R
tableElementList: 	
	com.akiban.sql.parser.TableElementList@70cb6009

	[0]:	
	com.akiban.sql.parser.ConstraintDefinitionNode@380e28b9
	constraintName: null
	constraintType: PRIMARY_KEY
	properties: null
	name: null
	elementType: AT_DROP_CONSTRAINT
	columnList: 		
		com.akiban.sql.parser.ResultColumnList@2993a66f

		[0]:		
		com.akiban.sql.parser.ResultColumn@1c93d6bc
		exposedName: c1
		name: c1
		tableName: null
		isDefaultColumn: false
		type: null
	[1]:	
	com.akiban.sql.parser.ColumnDefinitionNode@2df6df4c
	type: INTEGER
	name: c1
	elementType: null
	[2]:	
	com.akiban.sql.parser.ColumnDefinitionNode@2abe0e27
	type: INTEGER NOT NULL
	name: c2
	elementType: null
	[3]:	
	com.akiban.sql.parser.ColumnDefinitionNode@2393385d
	type: INTEGER NOT NULL
	name: c3
	elementType: null
	[4]:	
	com.akiban.sql.parser.ColumnDefinitionNode@165973ea
	type: INTEGER NOT NULL
	name: c4
	elementType: null
	[5]:	
	com.akiban.sql.parser.ColumnDefinitionNode@4ac9131c
	type: INTEGER NOT NULL
	name: c5
	elementType: null
	[6]:	
	com.akiban.sql.parser.ColumnDefinitionNode@5705b99f
	type: INTEGER NOT NULL
	name: c6
	elementType: null
	[7]:	
	com.akiban.sql.parser.ConstraintDefinitionNode@38dda25b
	constraintName: null
	constraintType: UNIQUE
	properties: null
	name: null
	elementType: AT_DROP_CONSTRAINT
	columnList: 		
		com.akiban.sql.parser.ResultColumnList@5ece2187

		[0]:		
		com.akiban.sql.parser.ResultColumn@2efb56b1
		exposedName: c2
		name: c2
		tableName: null
		isDefaultColumn: false
		type: null
	[8]:	
	com.akiban.sql.parser.ConstraintDefinitionNode@76f8968f
	constraintName: key_c3
	constraintType: UNIQUE
	properties: null
	name: key_c3
	elementType: AT_DROP_CONSTRAINT
	columnList: 		
		com.akiban.sql.parser.ResultColumnList@3a64c34e

		[0]:		
		com.akiban.sql.parser.ResultColumn@2d5253d5
		exposedName: c3
		name: c3
		tableName: null
		isDefaultColumn: false
		type: null
	[9]:	
	com.akiban.sql.parser.FKConstraintDefinitionNode@77fddc31
	refTable name : t3
	grouping: false
	constraintName: null
	constraintType: FOREIGN_KEY
	properties: null
	name: null
	elementType: AT_DROP_CONSTRAINT
	columnList: 		
		com.akiban.sql.parser.ResultColumnList@3b835282

		[0]:		
		com.akiban.sql.parser.ResultColumn@2a9df354
		exposedName: c4
		name: c4
		tableName: null
		isDefaultColumn: false
		type: null
	[10]:	
	com.akiban.sql.parser.FKConstraintDefinitionNode@67d225a7
	refTable name : t2
	grouping: true
	constraintName: null
	constraintType: FOREIGN_KEY
	properties: null
	name: null
	elementType: AT_DROP_CONSTRAINT
	columnList: 		
		com.akiban.sql.parser.ResultColumnList@15a62c31

		[0]:		
		com.akiban.sql.parser.ResultColumn@509f5011
		exposedName: c2
		name: c2
		tableName: null
		isDefaultColumn: false
		type: null
	[11]:	
	com.akiban.sql.parser.FKConstraintDefinitionNode@b41b571
	refTable name : t5
	grouping: false
	constraintName: fk_c5
	constraintType: FOREIGN_KEY
	properties: null
	name: fk_c5
	elementType: AT_DROP_CONSTRAINT
	columnList: 		
		com.akiban.sql.parser.ResultColumnList@6ef137d

		[0]:		
		com.akiban.sql.parser.ResultColumn@39e87719
		exposedName: c5
		name: c5
		tableName: null
		isDefaultColumn: false
		type: null
	[12]:	
	com.akiban.sql.parser.FKConstraintDefinitionNode@4ce32802
	refTable name : t6
	grouping: true
	constraintName: fk_c6
	constraintType: FOREIGN_KEY
	properties: null
	name: fk_c6
	elementType: AT_DROP_CONSTRAINT
	columnList: 		
		com.akiban.sql.parser.ResultColumnList@5557c2bd

		[0]:		
		com.akiban.sql.parser.ResultColumn@74b23210
		exposedName: c6
		name: c6
		tableName: null
		isDefaultColumn: false
		type: null