com.akiban.sql.parser.DeleteNode@303020ad
statementType: DELETE
resultSet: 	
	com.akiban.sql.parser.SelectNode@27b15692
	isDistinct: false
	fromList: 		
		com.akiban.sql.parser.FromList@6baa9f99

		[0]:		
		com.akiban.sql.parser.FromBaseTable@ed42d08
		tableName: t
		updateOrDelete: DELETE
		null
		correlation Name: null
		null
	whereClause: 		
		com.akiban.sql.parser.InListOperatorNode@bd86fd3
		operator: IN
		methodName: in
		type: null
		leftOperand: 			
			com.akiban.sql.parser.RowConstructorNode@2e558004
			{List contains: 
			[columnName: x
			tableName: null
			type: null
			]
			, size: 1}
		rightOperandList: 			
			com.akiban.sql.parser.RowConstructorNode@6f479e5f
			{List contains: 
			[value: 1
			type: INTEGER NOT NULL
			, value: 2
			type: INTEGER NOT NULL
			, value: 3
			type: INTEGER NOT NULL
			]
			, size: 3}
targetTableName: 	
	com.akiban.sql.parser.TableName@54
	t
