com.akiban.sql.parser.DeleteNode@303020ad
statementType: DELETE
resultSet: 	
	com.akiban.sql.parser.SelectNode@27b15692
	isDistinct: false
	fromList: 		
		com.akiban.sql.parser.FromList@6baa9f99

		[0]:		
		com.akiban.sql.parser.FromBaseTable@ed42d08
		tableName: T
		updateOrDelete: DELETE
		null
		correlation Name: null
		null
	whereClause: 		
		com.akiban.sql.parser.InListOperatorNode@bd86fd3
		operator: IN
		methodName: in
		type: null
		leftOperand: 			
			com.akiban.sql.parser.ColumnReference@2e958bb8
			columnName: X
			tableName: null
			type: null
		rightOperandList: 			
			com.akiban.sql.parser.ValueNodeList@5c07f4ec

			[0]:			
			com.akiban.sql.parser.NumericConstantNode@e60e128
			value: 1
			type: INTEGER NOT NULL
			[1]:			
			com.akiban.sql.parser.NumericConstantNode@7a5e1077
			value: 2
			type: INTEGER NOT NULL
			[2]:			
			com.akiban.sql.parser.NumericConstantNode@358b3364
			value: 3
			type: INTEGER NOT NULL
targetTableName: 	
	com.akiban.sql.parser.TableName@54
	T
