com.akiban.sql.parser.DeleteNode@318e45a8
statementType: DELETE
resultSet: 	
	com.akiban.sql.parser.SelectNode@737f3202
	isDistinct: false
	fromList: 		
		com.akiban.sql.parser.FromList@23ac5c8b

		[0]:		
		com.akiban.sql.parser.FromBaseTable@8efbbf9
		tableName: t
		updateOrDelete: DELETE
		null
		correlation Name: null
		null
	whereClause: 		
		com.akiban.sql.parser.InListOperatorNode@331ddd04
		operator: IN
		methodName: in
		type: null
		leftOperand: 			
			com.akiban.sql.parser.RowConstructorNode@6d994bd3

		rightOperandList: 			
			com.akiban.sql.parser.RowConstructorNode@6b4141db

targetTableName: 	
	com.akiban.sql.parser.TableName@74
	t