com.akiban.sql.parser.CursorNode@3ff39e73
name: null
updateMode: UNSPECIFIED
statementType: SELECT
resultSet: 	
	com.akiban.sql.parser.SelectNode@1327b0d2
	isDistinct: false
	resultColumns: 		
		com.akiban.sql.parser.ResultColumnList@12c9b4d1

		[0]:		
		com.akiban.sql.parser.ResultColumn@787e0ef9
		exposedName: null
		name: null
		tableName: null
		isDefaultColumn: false
		type: null
		expression: 			
			com.akiban.sql.parser.AggregateNode@1c093b3c
			aggregateName: GROUP_CONCAT
			operator: null
			methodName: null
			type: null
			operand: 				
				com.akiban.sql.parser.ColumnReference@220fee85
				columnName: c
				tableName: null
				type: null
	fromList: 		
		com.akiban.sql.parser.FromList@43f46f3b

		[0]:		
		com.akiban.sql.parser.FromBaseTable@64b2ad57
		tableName: t
		updateOrDelete: null
		null
		correlation Name: null
		null