[0]: CREATE TABLE P(PRIMARY KEY(ID), ID INTEGER, NAME VARCHAR(10) NOT NULL);
[1]: CREATE TABLE C(PRIMARY KEY(ID), ID INTEGER, NAME VARCHAR(10) NOT NULL, GROUPING FOREIGN KEY(PID) REFERENCES P(PID), PID INTEGER);
[2]: CREATE TABLE G(PRIMARY KEY(ID), ID INTEGER, VALUE DECIMAL(10,2), CID INTEGER, GROUPING FOREIGN KEY(CID) REFERENCES C(CID));